2 -> 3 1.3
a -> b
2 3 4
a() -> b 
a() = 2
a())
b(()
2 - > 3
2->3
2,3
3-
4->


dist(a, b)
a <- dist(a, b)


a->b 2
b a 1
c d
x->y
		  k ->   z 	23.59